\BOOKMARK [1][-]{section*.1}{\376\377\000R\000e\000m\000e\000r\000c\000i\000e\000m\000e\000n\000t\000s}{}% 1
\BOOKMARK [1][-]{section*.4}{\376\377\000I\000n\000t\000r\000o\000d\000u\000c\000t\000i\000o\000n}{}% 2
\BOOKMARK [1][-]{section.1}{\376\377\000P\000r\000\351\000s\000e\000n\000t\000a\000t\000i\000o\000n\000\040\000d\000u\000\040\000p\000r\000o\000j\000e\000t}{}% 3
\BOOKMARK [2][-]{subsection.1.1}{\376\377\000P\000r\000\351\000s\000e\000n\000t\000a\000t\000i\000o\000n\000\040\000g\000\351\000n\000\351\000r\000a\000l\000e\000\040\000d\000u\000\040\000j\000e\000u\000\040\000P\000a\000c\000-\000M\000a\000n}{section.1}% 4
\BOOKMARK [2][-]{subsection.1.2}{\376\377\000C\000o\000n\000t\000e\000x\000t\000e\000\040\000a\000c\000a\000d\000\351\000m\000i\000q\000u\000e}{section.1}% 5
\BOOKMARK [2][-]{subsection.1.3}{\376\377\000O\000b\000j\000e\000c\000t\000i\000f\000s\000\040\000g\000\351\000n\000\351\000r\000a\000u\000x\000\040\000d\000u\000\040\000p\000r\000o\000j\000e\000t}{section.1}% 6
\BOOKMARK [1][-]{section.2}{\376\377\000D\000\351\000f\000i\000n\000i\000t\000i\000o\000n\000\040\000d\000u\000\040\000s\000u\000j\000e\000t\000\040\000e\000t\000\040\000p\000r\000o\000b\000l\000\351\000m\000a\000t\000i\000q\000u\000e}{}% 7
\BOOKMARK [2][-]{subsection.2.1}{\376\377\000P\000r\000o\000b\000l\000\351\000m\000a\000t\000i\000q\000u\000e\000\040\000d\000u\000\040\000j\000e\000u\000\040\000e\000n\000\040\000r\000\351\000s\000e\000a\000u}{section.2}% 8
\BOOKMARK [2][-]{subsection.2.2}{\376\377\000C\000h\000o\000i\000x\000\040\000t\000e\000c\000h\000n\000i\000q\000u\000e\000s}{section.2}% 9
\BOOKMARK [2][-]{subsection.2.3}{\376\377\000R\000\351\000p\000a\000r\000t\000i\000t\000i\000o\000n\000\040\000d\000e\000s\000\040\000r\000\364\000l\000e\000s}{section.2}% 10
\BOOKMARK [1][-]{section.3}{\376\377\000A\000r\000c\000h\000i\000t\000e\000c\000t\000u\000r\000e\000\040\000e\000t\000\040\000c\000o\000n\000c\000e\000p\000t\000i\000o\000n}{}% 11
\BOOKMARK [2][-]{subsection.3.1}{\376\377\000c\000o\000n\000c\000e\000p\000t\000i\000o\000n\000\040\000d\000u\000\040\000j\000e\000u}{section.3}% 12
\BOOKMARK [3][-]{subsubsection.3.1.1}{\376\377\000C\000o\000n\000d\000i\000t\000i\000o\000n\000s\000\040\000d\000e\000\040\000v\000i\000c\000t\000o\000i\000r\000e}{subsection.3.1}% 13
\BOOKMARK [3][-]{subsubsection.3.1.2}{\376\377\000P\000a\000c\000-\000g\000o\000m\000m\000e\000s\000\040\000s\000p\000\351\000c\000i\000a\000l\000e\000s}{subsection.3.1}% 14
\BOOKMARK [3][-]{subsubsection.3.1.3}{\376\377\000A\000s\000y\000m\000\351\000t\000r\000i\000e\000\040\000d\000e\000\040\000v\000i\000s\000i\000o\000n}{subsection.3.1}% 15
\BOOKMARK [3][-]{subsubsection.3.1.4}{\376\377\000C\000o\000h\000\351\000r\000e\000n\000c\000e\000\040\000d\000u\000\040\000s\000y\000s\000t\000\350\000m\000e}{subsection.3.1}% 16
\BOOKMARK [2][-]{subsection.3.2}{\376\377\000S\000t\000r\000u\000c\000t\000u\000r\000e\000\040\000d\000u\000\040\000s\000e\000r\000v\000e\000u\000r}{section.3}% 17
\BOOKMARK [3][-]{subsubsection.3.2.1}{\376\377\000A\000r\000c\000h\000i\000t\000e\000c\000t\000u\000r\000e\000\040\000m\000u\000l\000t\000i\000t\000h\000r\000e\000a\000d}{subsection.3.2}% 18
\BOOKMARK [3][-]{subsubsection.3.2.2}{\376\377\000A\000r\000c\000h\000i\000t\000e\000c\000t\000u\000r\000e\000\040\000m\000o\000d\000u\000l\000a\000i\000r\000e}{subsection.3.2}% 19
\BOOKMARK [3][-]{subsubsection.3.2.3}{\376\377\000S\000t\000r\000u\000c\000t\000u\000r\000e\000\040\000d\000u\000\040\000p\000l\000a\000t\000e\000a\000u}{subsection.3.2}% 20
\BOOKMARK [3][-]{subsubsection.3.2.4}{\376\377\000B\000o\000u\000c\000l\000e\000\040\000d\000e\000\040\000j\000e\000u}{subsection.3.2}% 21
\BOOKMARK [3][-]{subsubsection.3.2.5}{\376\377\000P\000l\000a\000t\000e\000a\000u\000\040\000e\000t\000\040\000g\000\351\000n\000\351\000r\000a\000t\000i\000o\000n\000\040\000p\000r\000o\000c\000\351\000d\000u\000r\000a\000l\000e}{subsection.3.2}% 22
\BOOKMARK [3][-]{subsubsection.3.2.6}{\376\377\000I\000n\000t\000e\000l\000l\000i\000g\000e\000n\000c\000e\000\040\000a\000r\000t\000i\000f\000i\000c\000i\000e\000l\000l\000e\000\040\000d\000e\000s\000\040\000f\000a\000n\000t\000\364\000m\000e\000s}{subsection.3.2}% 23
\BOOKMARK [3][-]{subsubsection.3.2.7}{\376\377\000R\000o\000o\000m\000s\000\040\000:\000\040\000g\000e\000s\000t\000i\000o\000n\000\040\000d\000e\000s\000\040\000p\000a\000r\000t\000i\000e\000s}{subsection.3.2}% 24
\BOOKMARK [2][-]{subsection.3.3}{\376\377\000S\000t\000r\000u\000c\000t\000u\000r\000e\000\040\000d\000u\000\040\000c\000l\000i\000e\000n\000t}{section.3}% 25
\BOOKMARK [3][-]{subsubsection.3.3.1}{\376\377\000B\000a\000s\000e\000s\000\040\000e\000t\000\040\000O\000b\000j\000e\000c\000t\000i\000f\000s\000\040\000d\000u\000\040\000C\000l\000i\000e\000n\000t}{subsection.3.3}% 26
\BOOKMARK [3][-]{subsubsection.3.3.2}{\376\377\000A\000r\000c\000h\000i\000t\000e\000c\000t\000u\000r\000e\000\040\000l\000o\000g\000i\000c\000i\000e\000l\000l\000e\000\040\000e\000t\000\040\000S\000c\000e\000n\000e\000M\000a\000n\000a\000g\000e\000r}{subsection.3.3}% 27
\BOOKMARK [3][-]{subsubsection.3.3.3}{\376\377\000S\000c\000\350\000n\000e\000s\000\040\000e\000t\000\040\000E\000n\000t\000i\000t\000\351\000s}{subsection.3.3}% 28
\BOOKMARK [3][-]{subsubsection.3.3.4}{\376\377\000R\000\351\000s\000e\000a\000u\000\040\000c\000o\000t\000\351\000\040\000C\000l\000i\000e\000n\000t\000\040\000:\000\040\000r\000\351\000c\000e\000p\000t\000i\000o\000n}{subsection.3.3}% 29
\BOOKMARK [3][-]{subsubsection.3.3.5}{\376\377\000R\000\351\000s\000e\000a\000u\000\040\000c\000o\000t\000\351\000\040\000C\000l\000i\000e\000n\000t\000\040\000:\000\040\000e\000n\000v\000o\000i\000s}{subsection.3.3}% 30
\BOOKMARK [3][-]{subsubsection.3.3.6}{\376\377\000I\000n\000p\000u\000t\000,\000\040\000A\000c\000t\000i\000o\000n\000s\000,\000\040\000e\000t\000\040\000E\000v\000e\000n\000t\000T\000y\000p\000e\000s}{subsection.3.3}% 31
\BOOKMARK [3][-]{subsubsection.3.3.7}{\376\377\000R\000e\000n\000d\000u\000\040\000d\000e\000s\000\040\000E\000n\000t\000i\000t\000\351\000s}{subsection.3.3}% 32
\BOOKMARK [2][-]{subsection.3.4}{\376\377\000P\000r\000o\000t\000o\000c\000o\000l\000e\000s\000\040\000e\000t\000\040\000\351\000c\000h\000a\000n\000g\000e\000s\000\040\000r\000\351\000s\000e\000a\000u}{section.3}% 33
\BOOKMARK [1][-]{section.4}{\376\377\000B\000i\000l\000a\000n\000\040\000e\000t\000\040\000p\000e\000r\000s\000p\000e\000c\000t\000i\000v\000e\000s}{}% 34
\BOOKMARK [2][-]{subsection.4.1}{\376\377\000C\000o\000m\000p\000\351\000t\000e\000n\000c\000e\000s\000\040\000a\000c\000q\000u\000i\000s\000e\000s}{section.4}% 35
\BOOKMARK [2][-]{subsection.4.2}{\376\377\000R\000\351\000s\000u\000l\000t\000a\000t\000\040\000f\000i\000n\000a\000l}{section.4}% 36
\BOOKMARK [2][-]{subsection.4.3}{\376\377\000A\000m\000\351\000l\000i\000o\000r\000a\000t\000i\000o\000n\000s\000\040\000p\000o\000s\000s\000i\000b\000l\000e\000s}{section.4}% 37
\BOOKMARK [1][-]{section*.30}{\376\377\000C\000o\000n\000c\000l\000u\000s\000i\000o\000n}{}% 38
\BOOKMARK [1][-]{section*.31}{\376\377\000S\000i\000t\000o\000g\000r\000a\000p\000h\000i\000e}{}% 39
\BOOKMARK [1][-]{section*.33}{\376\377\000R\000\351\000s\000u\000m\000\351}{}% 40
\BOOKMARK [1][-]{section*.34}{\376\377\000M\000o\000t\000s\000-\000C\000l\000\351\000s}{}% 41
\BOOKMARK [1][-]{section*.35}{\376\377\000A\000b\000s\000t\000r\000a\000c\000t}{}% 42
\BOOKMARK [1][-]{section*.36}{\376\377\000K\000e\000y\000-\000W\000o\000r\000d\000s}{}% 43
